     1                                  [org 0x0000]
     2                                  
     3                                  FILE_ENTRY_SIZE equ 16
     4                                  
     5                                  start:
     6 00000000 8CC8                        mov ax, cs
     7 00000002 8ED8                        mov ds, ax
     8 00000004 8EC0                        mov es, ax
     9                                  
    10 00000006 B401                        mov ah, 0x01
    11 00000008 B506                        mov ch, 0x06     
    12 0000000A B107                        mov cl, 0x07  
    13 0000000C CD10                        int 0x10
    14                                  
    15 0000000E 1E                          push ds
    16 0000000F 31C0                        xor ax, ax
    17 00000011 8ED8                        mov ds, ax
    18 00000013 A00005                      mov al, [0x0500]
    19 00000016 1F                          pop ds
    20 00000017 A2[4507]                    mov [drive], al
    21                                  
    22 0000001A C706[1200]0C00              mov word [write_sector_buffer], 12
    23 00000020 BF[2200]                    mov di, write_file_buffer
    24 00000023 BE[2509]                    mov si, init_file_name
    25 00000026 E85802                      call mov_index_data
    26                                  
    27 00000029 E85B03                      call clear_input        
    28                                  
    29 0000002C E84B00                      call clear_screen
    30 0000002F BE[4B07]                    mov si, msg
    31 00000032 E80A00                      call print
    32 00000035 EB00                        jmp main
    33                                  
    34                                  main:
    35 00000037 E87002                      call read_key    
    36 0000003A E80E00                      call print_char
    37 0000003D EBF8                        jmp main
    38                                  
    39                                  %include "lib.asm"      
     1                              <1> ; ----- DISPLAY -----
     2                              <1> 
     3                              <1> print:
     4 0000003F AC                  <1>     lodsb
     5 00000040 08C0                <1>     or al, al
     6 00000042 7406                <1>     jz .done
     7                              <1> 
     8 00000044 B40E                <1>     mov ah, 0x0E
     9 00000046 CD10                <1>     int 0x10
    10                              <1> 
    11 00000048 EBF5                <1>     jmp print
    12                              <1>     .done:
    13 0000004A C3                  <1>         ret
    14                              <1> print_char:
    15 0000004B B40E                <1>     mov ah, 0x0E
    16 0000004D CD10                <1>     int 0x10
    17 0000004F C3                  <1>     ret
    18                              <1> 
    19                              <1> new_line:
    20 00000050 B403                <1>     mov ah, 0x03
    21 00000052 B700                <1>     mov bh, 0x00
    22 00000054 CD10                <1>     int 0x10             ; row -> DH
    23                              <1> 
    24 00000056 80FE18              <1>     cmp dh, 24
    25 00000059 7C14                <1>     jl .increment
    26                              <1>     ; already at last row: scroll the screen up ourselves
    27 0000005B 50                  <1>     push ax
    28 0000005C B406                <1>     mov ah, 0x06         ; scroll up function
    29 0000005E B001                <1>     mov al, 1            ; scroll by 1 line
    30 00000060 B707                <1>     mov bh, 0x07         ; attribute for blank line
    31 00000062 B90000              <1>     mov cx, 0x0000       ; top-left
    32 00000065 BA4F18              <1>     mov dx, 0x184F       ; bottom-right (24,79)
    33 00000068 CD10                <1>     int 0x10
    34 0000006A 58                  <1>     pop ax
    35 0000006B B618                <1>     mov dh, 24           ; stay on last row after scrolling
    36 0000006D EB02                <1>     jmp .set_cursor
    37                              <1>     .increment:
    38 0000006F FEC6                <1>         inc dh
    39                              <1>     .set_cursor:
    40 00000071 B200                <1>         mov dl, 0x00
    41                              <1> 
    42 00000073 B402                <1>         mov ah, 0x02
    43 00000075 B700                <1>         mov bh, 0x00
    44 00000077 CD10                <1>         int 0x10
    45 00000079 C3                  <1>         ret
    46                              <1> clear_screen:
    47 0000007A B406                <1>     mov ah, 0x06        
    48 0000007C B000                <1>     mov al, 0x00        
    49 0000007E B707                <1>     mov bh, 0x07        
    50 00000080 B90000              <1>     mov cx, 0x0000      
    51 00000083 BA4F18              <1>     mov dx, 0x184F       
    52 00000086 CD10                <1>     int 0x10
    53                              <1> 
    54 00000088 B402                <1>     mov ah, 0x02        ; set cursor position
    55 0000008A B700                <1>     mov bh, 0x00
    56 0000008C B600                <1>     mov dh, 0x00
    57 0000008E B200                <1>     mov dl, 0x00
    58 00000090 CD10                <1>     int 0x10
    59 00000092 C3                  <1>     ret
    60                              <1> 
    61                              <1> ; ------ CONVERT ------
    62                              <1> ; si = input string - bx = int 
    63                              <1> ; max: 65,535
    64                              <1> str_to_num:
    65 00000093 31DB                <1>     xor bx, bx
    66                              <1>     .loop:
    67 00000095 8A04                <1>         mov al, [si]
    68 00000097 3C00                <1>         cmp al, 0
    69 00000099 7414                <1>         je .done
    70                              <1> 
    71 0000009B 2C30                <1>         sub al, '0'
    72 0000009D 30E4                <1>         xor ah, ah
    73                              <1> 
    74 0000009F 50                  <1>         push ax              ; save digit
    75 000000A0 89D8                <1>         mov ax, bx           ; AX = current total
    76 000000A2 B90A00              <1>         mov cx, 10           ; use CX as multiplier, not BX
    77 000000A5 F7E1                <1>         mul cx               ; AX = AX * 10 (DX:AX, but DX=0 for small numbers)
    78 000000A7 89C3                <1>         mov bx, ax           ; BX = new total
    79 000000A9 58                  <1>         pop ax               ; restore digit
    80                              <1> 
    81 000000AA 01C3                <1>         add bx, ax
    82 000000AC 46                  <1>         inc si
    83 000000AD EBE6                <1>         jmp .loop
    84                              <1>     .done:
    85 000000AF C3                  <1>         ret
    86                              <1> 
    87                              <1> ; bx = int si = string
    88                              <1> ; max: 65,535
    89                              <1> num_to_str:
    90 000000B0 53                  <1>     push bx
    91 000000B1 56                  <1>     push si
    92 000000B2 89D8                <1>     mov ax, bx
    93 000000B4 31DB                <1>     xor bx, bx
    94 000000B6 31D2                <1>     xor dx, dx
    95                              <1> 
    96 000000B8 83F800              <1>     cmp ax, 0
    97 000000BB 7506                <1>     jne .loop
    98 000000BD C60430              <1>     mov byte [si], '0'
    99 000000C0 46                  <1>     inc si
   100 000000C1 EB21                <1>     jmp .done
   101                              <1>     .loop:
   102 000000C3 83F800              <1>         cmp ax, 0 ; finish when quotient is 0
   103 000000C6 740F                <1>         je .reverse
   104 000000C8 B90A00              <1>         mov cx, 10 ; divides to get remainder 
   105 000000CB F7F1                <1>         div cx
   106 000000CD 83C230              <1>         add dx, '0' ; makes remainder a char
   107 000000D0 52                  <1>         push dx
   108 000000D1 31D2                <1>         xor dx, dx ; clear remainder
   109 000000D3 FEC3                <1>         inc bl
   110 000000D5 EBEC                <1>         jmp .loop
   111                              <1>     .reverse:
   112 000000D7 80FB00              <1>         cmp bl, 0
   113 000000DA 7408                <1>         je .done
   114 000000DC 5A                  <1>         pop dx
   115 000000DD 8814                <1>         mov [si], dl
   116 000000DF 46                  <1>         inc si
   117 000000E0 FECB                <1>         dec bl
   118 000000E2 EBF3                <1>         jmp .reverse
   119                              <1>     .done:
   120 000000E4 C60400              <1>         mov byte [si], 0  ; add the null termiantor at the end
   121 000000E7 5E                  <1>         pop si
   122 000000E8 5B                  <1>         pop bx
   123 000000E9 C3                  <1>         ret
   124                              <1> 
   125                              <1> 
   126 000000EA 50                  <1>     push ax
   127 000000EB 53                  <1>     push bx
   128 000000EC 52                  <1>     push dx
   129                              <1> 
   130 000000ED 89D8                <1>     mov ax, bx
   131 000000EF 88C2                <1>     mov dl, al
   132 000000F1 C0E804              <1>     shr al, 4          ; high nibble
   133 000000F4 80E20F              <1>     and dl, 0x0F       ; low nibble
   134                              <1> 
   135 000000F7 E81200              <1>     call .nibble_to_char
   136 000000FA 8804                <1>     mov [si], al
   137 000000FC 46                  <1>     inc si
   138                              <1> 
   139 000000FD 88D0                <1>     mov al, dl
   140 000000FF E80A00              <1>     call .nibble_to_char
   141 00000102 8804                <1>     mov [si], al
   142 00000104 46                  <1>     inc si
   143                              <1> 
   144 00000105 C60400              <1>     mov byte [si], 0   ; null terminate
   145                              <1> 
   146 00000108 5A                  <1>     pop dx
   147 00000109 5B                  <1>     pop bx
   148 0000010A 58                  <1>     pop ax
   149 0000010B C3                  <1>     ret
   150                              <1> 
   151                              <1>     .nibble_to_char:
   152 0000010C 3C0A                <1>         cmp al, 10
   153 0000010E 7203                <1>         jb .digit
   154 00000110 0437                <1>         add al, 'A' - 10
   155 00000112 C3                  <1>         ret
   156                              <1>     .digit:
   157 00000113 0430                <1>         add al, '0'
   158 00000115 C3                  <1>         ret
   159                              <1> 
   160                              <1> ; Converts a value in BX to a 2-character hex string at [SI]
   161                              <1> byte_to_hex:
   162 00000116 50                  <1>     push ax
   163 00000117 53                  <1>     push bx
   164 00000118 51                  <1>     push cx
   165 00000119 56                  <1>     push si
   166 0000011A 88D8                <1>     mov al, bl
   167                              <1>     
   168                              <1> 
   169 0000011C C0E804              <1>     shr al, 4           
   170 0000011F E81500              <1>     call .nibble_to_char
   171 00000122 8804                <1>     mov [si], al
   172 00000124 46                  <1>     inc si
   173                              <1> 
   174 00000125 88D8                <1>     mov al, bl
   175 00000127 240F                <1>     and al, 0x0F       
   176 00000129 E80B00              <1>     call .nibble_to_char
   177 0000012C 8804                <1>     mov [si], al
   178 0000012E 46                  <1>     inc si
   179                              <1> 
   180                              <1>     ; Null terminator
   181 0000012F C60400              <1>     mov byte [si], 0
   182 00000132 5E                  <1>     pop si
   183 00000133 59                  <1>     pop cx
   184 00000134 5B                  <1>     pop bx
   185 00000135 58                  <1>     pop ax
   186 00000136 C3                  <1>     ret
   187                              <1> 
   188                              <1>     .nibble_to_char:
   189 00000137 3C09                <1>         cmp al, 9
   190 00000139 7E03                <1>         jle .is_digit
   191 0000013B 0437                <1>         add al, 'A' - 10    ; For A-F
   192 0000013D C3                  <1>         ret
   193                              <1>     .is_digit:
   194 0000013E 0430                <1>         add al, '0'         ; For 0-9
   195 00000140 C3                  <1>         ret
   196                              <1> 
   197                              <1> ; Converts a 2-character hex string [si] to a value in bx
   198                              <1> hex_to_byte:
   199 00000141 31DB                <1>     xor bx, bx
   200 00000143 8A04                <1>     mov al, [si]
   201 00000145 E81500              <1>     call .digit_hex
   202 00000148 88C5                <1>     mov ch, al
   203 0000014A 8A4401              <1>     mov al, [si + 1]
   204 0000014D E80D00              <1>     call .digit_hex
   205 00000150 88C1                <1>     mov cl, al
   206                              <1> 
   207 00000152 88E8                <1>     mov al, ch  ; times 16
   208 00000154 B310                <1>     mov bl, 16
   209 00000156 F6E3                <1>     mul bl
   210 00000158 00C8                <1>     add al, cl  ; add lower digit
   211 0000015A 88C3                <1>     mov bl, al
   212 0000015C C3                  <1>     ret
   213                              <1> 
   214                              <1> 
   215                              <1>     .digit_hex:
   216 0000015D 3C30                <1>         cmp al, '0'  ; check if its a number      
   217 0000015F 7C07                <1>         jl .letter_hex
   218 00000161 3C39                <1>         cmp al, '9'        
   219 00000163 7F03                <1>         jg .letter_hex
   220                              <1> 
   221 00000165 2C30                <1>         sub al, '0'        ; ascii number to decimal
   222 00000167 C3                  <1>         ret
   223                              <1>         .letter_hex:
   224 00000168 3C61                <1>             cmp al, 'a' ; check if its a lettter
   225 0000016A 0F8C2A01            <1>             jl error
   226 0000016E 3C66                <1>             cmp al, 'f'
   227 00000170 0F8F2401            <1>             jg error
   228                              <1> 
   229 00000174 2C61                <1>             sub al, 'a'        ; ascii letter to decimal
   230 00000176 040A                <1>             add al, 10   
   231 00000178 C3                  <1>             ret    
   232                              <1> 
   233                              <1> ; --- FILE SYS ---
   234                              <1> 
   235                              <1> load_file_table:
   236 00000179 B402                <1>     mov ah, 0x02
   237 0000017B B002                <1>     mov al, 2              ; load 2 sectors (1024 bytes) instead of 1
   238 0000017D B500                <1>     mov ch, 0
   239 0000017F B10B                <1>     mov cl, 11             ; start at sector 10 (BIOS 1-indexed = 11)
   240 00000181 B600                <1>     mov dh, 0
   241 00000183 8A16[4507]          <1>     mov dl, [drive]
   242 00000187 BB[9206]            <1>     mov bx, file_table_buffer
   243 0000018A CD13                <1>     int 0x13
   244 0000018C C3                  <1>     ret
   245                              <1> write_file_table:
   246 0000018D 50                  <1>     push ax
   247 0000018E B403                <1>     mov ah, 0x03
   248 00000190 B002                <1>     mov al, 2              ; write 2 sectors (both tables)
   249 00000192 B500                <1>     mov ch, 0
   250 00000194 B10B                <1>     mov cl, 11             ; start at sector 10 (11)
   251 00000196 B600                <1>     mov dh, 0
   252 00000198 8A16[4507]          <1>     mov dl, [drive]
   253 0000019C BB[9206]            <1>     mov bx, file_table_buffer
   254 0000019F CD13                <1>     int 0x13
   255 000001A1 58                  <1>     pop ax
   256 000001A2 C3                  <1>     ret
   257                              <1> 
   258                              <1> ; txt_buffer = text and bl = sector
   259                              <1> write_sector:
   260 000001A3 83C301              <1>     add bx, 1
   261 000001A6 B400                <1>     mov ah, 0x00     ; reset disk
   262 000001A8 8A16[4507]          <1>     mov dl, [drive]
   263 000001AC CD13                <1>     int 0x13
   264                              <1> 
   265 000001AE B80103              <1>     mov ax, 0x0301       
   266 000001B1 B500                <1>     mov ch, 0       
   267 000001B3 88D9                <1>     mov cl, bl             
   268 000001B5 B600                <1>     mov dh, 0               
   269 000001B7 8A16[4507]          <1>     mov dl, [drive]            
   270 000001BB 1E                  <1>     push ds
   271 000001BC 07                  <1>     pop es
   272 000001BD BB0020              <1>     mov bx, txt_buffer      
   273 000001C0 CD13                <1>     int 0x13                
   274 000001C2 7304                <1>     jnc .done            
   275                              <1> 
   276 000001C4 E8D100              <1>     call error     ; error
   277 000001C7 C3                  <1>     ret
   278                              <1>     .done:
   279 000001C8 C3                  <1>         ret
   280                              <1> ; txt_buffer = text and bl = sector
   281                              <1> read_sector:
   282 000001C9 8CD8                <1>     mov ax, ds           ; set ES = DS first, before touching AX for int 0x13
   283 000001CB 8EC0                <1>     mov es, ax
   284 000001CD 83C301              <1>     add bx, 1
   285 000001D0 B402                <1>     mov ah, 0x02
   286 000001D2 B001                <1>     mov al, 1
   287                              <1>     
   288 000001D4 E89500              <1>     call find_disk_address
   289                              <1> 
   290 000001D7 8A16[4507]          <1>     mov dl, [drive]
   291 000001DB BB0020              <1>     mov bx, txt_buffer
   292 000001DE CD13                <1>     int 0x13
   293 000001E0 0F82B400            <1>     jc error
   294 000001E4 C3                  <1>     ret
   295                              <1> 
   296                              <1> ; INPUT: SI = address of filename string
   297                              <1> ; OUTPUT: AX = sector number, or 0 if not found
   298                              <1> find_file:
   299 000001E5 BB[9206]            <1>     mov bx, file_table_buffer
   300 000001E8 BA4000              <1>     mov dx, 64                    ; scan all 64 entries
   301                              <1>     .next_entry:
   302 000001EB 803F00              <1>         cmp byte [bx], 0
   303 000001EE 740B                <1>         je .skip                      ; empty entry? skip it, don't stop
   304                              <1>         
   305 000001F0 56                  <1>         push si
   306 000001F1 89DF                <1>         mov di, bx
   307 000001F3 B90D00              <1>         mov cx, FILE_ENTRY_SIZE - 3
   308 000001F6 F3A6                <1>         repe cmpsb
   309 000001F8 5E                  <1>         pop si
   310 000001F9 7409                <1>         je .found
   311                              <1>     .skip:
   312 000001FB 83C310              <1>         add bx, FILE_ENTRY_SIZE
   313 000001FE 4A                  <1>         dec dx
   314 000001FF 75EA                <1>         jnz .next_entry
   315 00000201 31C0                <1>         xor ax, ax                    ; scanned everything, not found
   316 00000203 C3                  <1>         ret
   317                              <1>     .found:
   318 00000204 8B470D              <1>         mov ax, [bx + FILE_ENTRY_SIZE - 3]
   319 00000207 C3                  <1>         ret
   320                              <1> 
   321                              <1> ; finds first empty sector in the filetable 
   322                              <1> find_free_sector:
   323 00000208 BB[9206]            <1>     mov bx, file_table_buffer
   324 0000020B B94000              <1>     mov cx, 64                    ; scan all 64 entries
   325                              <1>     .check_entry:
   326 0000020E 803F00              <1>         cmp byte [bx], 0               ; empty entry = name field starts with 0
   327 00000211 7408                <1>         je .found
   328 00000213 83C310              <1>         add bx, FILE_ENTRY_SIZE
   329 00000216 E2F6                <1>         loop .check_entry
   330                              <1>         ; cx hit 0 -- scanned all 64 entries, none free
   331 00000218 31C0                <1>         xor ax, ax                    ; no free entry found
   332 0000021A C3                  <1>         ret
   333                              <1>     .found:
   334 0000021B 8B470D              <1>         mov ax, [bx + FILE_ENTRY_SIZE - 3]   ; sector, pre-filled by the Makefile
   335 0000021E C3                  <1>         ret
   336                              <1> 
   337                              <1> ; check if value is not too long and exists
   338                              <1> ; ax = max length
   339                              <1> check_value:
   340                              <1>     ; check if it exists
   341 0000021F 803E[5200]00        <1>     cmp byte [value], 0
   342 00000224 7472                <1>     je error
   343 00000226 803E[5200]20        <1>     cmp byte [value], 0x20 ; space
   344 0000022B 746B                <1>     je error
   345                              <1>     ; check length
   346 0000022D BE[5200]            <1>     mov si, value
   347 00000230 31C9                <1>     xor cx, cx
   348                              <1>     .count_loop:
   349 00000232 803C00              <1>         cmp byte [si], 0
   350 00000235 740D                <1>         je .count_done
   351 00000237 803C20              <1>         cmp byte [si], 0x20 ; space anywhere in the name?
   352 0000023A 745C                <1>         je error
   353 0000023C 41                  <1>         inc cx
   354 0000023D 46                  <1>         inc si
   355 0000023E 39C1                <1>         cmp cx, ax ; check length ax = max
   356 00000240 7756                <1>         ja error
   357 00000242 EBEE                <1>         jmp .count_loop
   358                              <1>     .count_done:
   359 00000244 B80100              <1>     mov ax, 1 ; pass flag
   360 00000247 C3                  <1>     ret
   361                              <1> 
   362                              <1> ; si = file name, ax = 1 (.bin file)
   363                              <1> check_extension:
   364 00000248 31C9                <1>     xor cx, cx
   365 0000024A 56                  <1>     push si
   366                              <1>     .count_loop:
   367 0000024B 803C00              <1>         cmp byte [si], 0
   368 0000024E 7404                <1>         je .count_done
   369 00000250 41                  <1>         inc cx
   370 00000251 46                  <1>         inc si
   371 00000252 EBF7                <1>         jmp .count_loop
   372                              <1>     .count_done:
   373 00000254 5E                  <1>     pop si
   374                              <1>       
   375 00000255 01CE                <1>     add si, cx        
   376 00000257 83EE04              <1>     sub si, 4         
   377 0000025A BF[4607]            <1>     mov di, bin_extension    ; reference string, ".bin"
   378 0000025D B90400              <1>     mov cx, 4
   379 00000260 F3A6                <1>     repe cmpsb
   380 00000262 7504                <1>     jne .no_match          ; no match means not a bin file
   381                              <1> 
   382 00000264 B80100              <1>     mov ax, 1
   383 00000267 C3                  <1>     ret
   384                              <1>     .no_match:
   385 00000268 B80000              <1>         mov ax, 0
   386 0000026B C3                  <1>         ret
   387                              <1> 
   388                              <1> find_disk_address:
   389 0000026C 803E[4507]80        <1>     cmp byte [drive], 0x80
   390 00000271 7407                <1>     je .disk
   391                              <1> 
   392 00000273 B500                <1>     mov ch, 0       
   393 00000275 88D9                <1>     mov cl, bl             
   394 00000277 B600                <1>     mov dh, 0 
   395                              <1> 
   396 00000279 C3                  <1>     ret
   397                              <1> 
   398                              <1>     .disk:
   399 0000027A B500                <1>         mov ch, 0       
   400 0000027C 88D9                <1>         mov cl, bl             
   401 0000027E B600                <1>         mov dh, 0   
   402 00000280 C3                  <1>         ret
   403                              <1> 
   404                              <1> 
   405                              <1> ; ----- MEMORY -----
   406                              <1> ; di = destination
   407                              <1> ; si = source
   408                              <1> mov_index_data:
   409 00000281 AC                  <1>     lodsb           ; Load [SI] into AL, inc SI
   410 00000282 AA                  <1>     stosb           ; Store AL into [DI], inc DI
   411 00000283 84C0                <1>     test al, al     ; Check if 0 (null terminator)
   412 00000285 75FA                <1>     jnz mov_index_data       ; Continue until 0 is copied
   413 00000287 C3                  <1>     ret
   414                              <1> 
   415                              <1> ; ----- TIME -----
   416                              <1> delay:              ; ax = time in ms
   417 00000288 50                  <1>     push ax         ; preserve ax
   418 00000289 B9E803              <1>     mov cx, 1000 
   419 0000028C F7E1                <1>     mul cx
   420                              <1> 
   421 0000028E 89D1                <1>     mov cx, dx      ; high 16 bits
   422 00000290 89C2                <1>     mov dx, ax      ; low 16 bits
   423 00000292 B486                <1>     mov ah, 0x86
   424 00000294 CD15                <1>     int 0x15
   425 00000296 58                  <1>     pop ax
   426 00000297 C3                  <1>     ret
   427                              <1> 
   428                              <1> ; ----- ERROR -----
   429                              <1> error:
   430 00000298 BE[5507]            <1>     mov si, err_msg
   431 0000029B E8B2FD              <1>     call new_line
   432 0000029E E89EFD              <1>     call print
   433 000002A1 E8ACFD              <1>     call new_line
   434 000002A4 E8E000              <1>     call clear_input
   435 000002A7 E98DFD              <1>     jmp main
    40                                  %include "input.asm"    
     1                              <1> 
     2                              <1> ; ----- INPUT -----
     3                              <1> 
     4                              <1> read_key:
     5 000002AA B400                <1>     mov ah, 0x00
     6 000002AC CD16                <1>     int 0x16
     7                              <1> 
     8 000002AE 3C0D                <1>     cmp al, 0x0D          ; Enter?
     9 000002B0 7442                <1>     je .enter_pressed
    10 000002B2 3C1B                <1>     cmp al, 0x1B          ; Escape?
    11 000002B4 743E                <1>     je .enter_pressed    ; Also do new entry when esc is pressed
    12 000002B6 3C08                <1>     cmp al, 0x08          ; Backspace?
    13 000002B8 7446                <1>     je .backspace
    14 000002BA 3C20                <1>     cmp al, 0x20          ; Space?
    15 000002BC 7404                <1>     je .space_pressed
    16                              <1>     
    17                              <1>     ; Otherwise, store the char
    18 000002BE E89800              <1>     call store_char
    19 000002C1 C3                  <1>     ret
    20                              <1> 
    21                              <1> .space_pressed:
    22 000002C2 803E[0800]01        <1>     cmp byte [space_pressed_flag], 1
    23 000002C7 7413                <1>     je .value
    24                              <1>     
    25 000002C9 C606[0800]01        <1>     mov byte [space_pressed_flag], 1
    26 000002CE 8B1E[0200]          <1>     mov bx, [current_offset]
    27 000002D2 891E[0600]          <1>     mov [command_offset], bx ; save command length
    28 000002D6 C706[0200]0000      <1>     mov word [current_offset], 0
    29                              <1> .value:
    30 000002DC 803E[0900]01        <1>     cmp byte [ignore_space_flag], 1
    31 000002E1 7405                <1>     je .ignore
    32 000002E3 B020                <1>     mov al, 0x20             ; Load space character
    33 000002E5 E87100              <1>     call store_char         ; Save it to the buffer
    34                              <1>     .ignore:
    35                              <1> 
    36 000002E8 C606[0900]00        <1>     mov byte [ignore_space_flag], 0
    37 000002ED C706[0000][5200]    <1>     mov word [active_ptr], value
    38 000002F3 C3                  <1>     ret
    39                              <1> .enter_pressed:
    40 000002F4 E8B100              <1>     call parse_input
    41 000002F7 E88D00              <1>     call clear_input
    42 000002FA E853FD              <1>     call new_line
    43 000002FD E937FD              <1>     jmp main
    44                              <1> .backspace:
    45 00000300 8B1E[0200]          <1>     mov bx, [current_offset]
    46 00000304 83FB00              <1>     cmp bx, 0
    47 00000307 7521                <1>     jne .do_backspace
    48                              <1>     ; offset is 0 -- check if we're in value and can cross back to command
    49 00000309 813E[0000][5200]    <1>     cmp word [active_ptr], value
    50 0000030F 7537                <1>     jne .done                    ; already in command with offset 0, nothing to do
    51                              <1> 
    52 00000311 C706[0000][3200]    <1>     mov word [active_ptr], command
    53 00000317 C606[0800]00        <1>     mov byte [space_pressed_flag], 0
    54 0000031C C606[0900]01        <1>     mov byte [ignore_space_flag], 1
    55 00000321 8B1E[0600]          <1>     mov bx, [command_offset]
    56 00000325 891E[0200]          <1>     mov [current_offset], bx
    57 00000329 C3                  <1>     ret
    58                              <1> 
    59                              <1>     .do_backspace:
    60                              <1>         ; visual erase
    61 0000032A B008                <1>         mov al, 0x08
    62 0000032C E81CFD              <1>         call print_char
    63 0000032F B020                <1>         mov al, ' '
    64 00000331 E817FD              <1>         call print_char
    65 00000334 B008                <1>         mov al, 0x08
    66 00000336 E812FD              <1>         call print_char
    67 00000339 E80E00              <1>         call cursor_right
    68                              <1> 
    69 0000033C 4B                  <1>         dec bx
    70 0000033D 891E[0200]          <1>         mov [current_offset], bx
    71 00000341 8B3E[0000]          <1>         mov di, [active_ptr]
    72 00000345 C60100              <1>         mov byte [di + bx], 0
    73                              <1>     .done:
    74 00000348 C3                  <1>         ret
    75                              <1> 
    76                              <1> .no_store:
    77 00000349 C3                  <1>     ret
    78                              <1> 
    79                              <1> cursor_right:
    80 0000034A B403                <1>     mov ah, 0x03
    81 0000034C B700                <1>     mov bh, 0x00
    82 0000034E CD10                <1>     int 0x10          ; dh = row, dl = column
    83                              <1> 
    84 00000350 FEC2                <1>     inc dl
    85 00000352 B402                <1>     mov ah, 0x02
    86 00000354 B700                <1>     mov bh, 0x00
    87 00000356 CD10                <1>     int 0x10          ; set cursor to same row, column+1
    88 00000358 C3                  <1>     ret
    89                              <1> 
    90                              <1> store_char:
    91 00000359 8B3E[0000]          <1>     mov di, [active_ptr]      ; di = current buffer address
    92 0000035D 8B1E[0200]          <1>     mov bx, [current_offset]  ; bx = current offset
    93                              <1> 
    94                              <1>     ; Check which buffer is active
    95 00000361 81FF[3200]          <1>     cmp di, command           ; Is this the command buffer?
    96 00000365 7408                <1>     je .check_command
    97                              <1>     
    98 00000367 81FF[5200]          <1>     cmp di, value             ; Is this the value buffer?
    99 0000036B 7409                <1>     je .check_value
   100                              <1>     
   101 0000036D EB0D                <1>     jmp .store                ; Fallback/Error handling
   102                              <1>     .check_command:               ; Check if input is too long
   103 0000036F 83FB1F              <1>         cmp bx, 31                ; Max 31 chars + 1 null = 32
   104 00000372 7312                <1>         jae .done                 
   105 00000374 EB06                <1>         jmp .store
   106                              <1>     .check_value:
   107 00000376 81FB3F06            <1>         cmp bx, 1599               ; Max 1599 chars
   108 0000037A 730A                <1>         jae .done                 
   109                              <1>     .store:
   110 0000037C 8801                <1>         mov [di + bx], al         ; Store character
   111 0000037E 43                  <1>         inc bx
   112 0000037F 891E[0200]          <1>         mov [current_offset], bx
   113 00000383 C60100              <1>         mov byte [di + bx], 0     ; Null terminate
   114                              <1>     .done:
   115 00000386 C3                  <1>         ret
   116                              <1> 
   117                              <1> 
   118                              <1> 
   119                              <1> ; ----- PROCESS INPUT -----
   120                              <1> 
   121                              <1> clear_input:
   122 00000387 BF[3200]            <1>     mov di, command        ; Start at the beginning of the command buffer
   123 0000038A B9A000              <1>     mov cx, 160             ; Total size of both buffers (32+128)
   124 0000038D 30C0                <1>     xor al, al
   125 0000038F F3AA                <1>     rep stosb              ; Efficiently clears the memory in one go
   126                              <1>     
   127                              <1>     ; Reset the state variables so we are ready for the next command
   128 00000391 C706[0000][3200]    <1>     mov word [active_ptr], command
   129 00000397 C706[0200]0000      <1>     mov word [current_offset], 0
   130 0000039D C606[0800]00        <1>     mov byte [space_pressed_flag], 0
   131 000003A2 C606[0900]01        <1>     mov byte [ignore_space_flag], 1
   132 000003A7 C3                  <1>     ret
   133                              <1> 
   134                              <1> parse_input:
   135 000003A8 BE[3200]            <1>     mov si, command
   136 000003AB BF[C206]            <1>     mov di, levi_command
   137 000003AE E88700              <1>     call .compare_loop
   138 000003B1 0F849400            <1>     je levi_function
   139                              <1> 
   140 000003B5 BE[3200]            <1>     mov si, command
   141 000003B8 BF[C706]            <1>     mov di, echo_command
   142 000003BB E87A00              <1>     call .compare_loop
   143 000003BE 0F849100            <1>     je echo_function
   144                              <1> 
   145 000003C2 BE[3200]            <1>     mov si, command
   146 000003C5 BF[CC06]            <1>     mov di, read_command
   147 000003C8 E86D00              <1>     call .compare_loop
   148 000003CB 0F849300            <1>     je read_function
   149                              <1> 
   150 000003CF BE[3200]            <1>     mov si, command
   151 000003D2 BF[D106]            <1>     mov di, write_command
   152 000003D5 E86000              <1>     call .compare_loop
   153 000003D8 0F84F400            <1>     je write_function
   154                              <1> 
   155 000003DC BE[3200]            <1>     mov si, command
   156 000003DF BF[D706]            <1>     mov di, write_data_command
   157 000003E2 E85300              <1>     call .compare_loop
   158 000003E5 0F844D01            <1>     je write_data_function
   159                              <1> 
   160 000003E9 BE[3200]            <1>     mov si, command
   161 000003EC BF[E106]            <1>     mov di, delete_command
   162 000003EF E84600              <1>     call .compare_loop
   163 000003F2 0F849701            <1>     je delete_function
   164                              <1> 
   165 000003F6 BE[3200]            <1>     mov si, command
   166 000003F9 BF[E806]            <1>     mov di, ls_command
   167 000003FC E83900              <1>     call .compare_loop
   168 000003FF 0F84CB01            <1>     je ls_function
   169                              <1> 
   170 00000403 BE[3200]            <1>     mov si, command
   171 00000406 BF[EB06]            <1>     mov di, sl_command
   172 00000409 E82C00              <1>     call .compare_loop
   173 0000040C 0F842502            <1>     je sl_function
   174                              <1> 
   175 00000410 BE[3200]            <1>     mov si, command
   176 00000413 BF[EE06]            <1>     mov di, clear_command
   177 00000416 E81F00              <1>     call .compare_loop
   178 00000419 0F846302            <1>     je clear_function
   179                              <1> 
   180 0000041D BE[3200]            <1>     mov si, command
   181 00000420 BF[F406]            <1>     mov di, run_command
   182 00000423 E81200              <1>     call .compare_loop
   183 00000426 0F845A02            <1>     je run_function
   184                              <1> 
   185 0000042A BE[3200]            <1>     mov si, command
   186 0000042D BF[F806]            <1>     mov di, help_command
   187 00000430 E80500              <1>     call .compare_loop
   188 00000433 0F848102            <1>     je help_function
   189                              <1> 
   190                              <1> 
   191 00000437 C3                  <1>     ret              ; Return if no match found (not_equal)
   192                              <1>     .compare_loop:
   193 00000438 8A04                <1>         mov al, [si]
   194 0000043A 8A1D                <1>         mov bl, [di]
   195 0000043C 38D8                <1>         cmp al, bl
   196 0000043E 7508                <1>         jne .done        ; Mismatch: ZF=0
   197 00000440 3C00                <1>         cmp al, 0        ; End of string: ZF=1
   198 00000442 7404                <1>         je .done
   199 00000444 46                  <1>         inc si
   200 00000445 47                  <1>         inc di
   201 00000446 EBF0                <1>         jmp .compare_loop
   202                              <1>     .done:
   203 00000448 C3                  <1>         ret
   204                              <1> 
   205                              <1> 
   206                              <1> 
    41                                  %include "commands.asm" 
     1                              <1> ; ----- COMMANDS -----
     2                              <1> 
     3                              <1> levi_function:
     4 00000449 BE[FD06]            <1>     mov si, levi_str
     5 0000044C E801FC              <1>     call new_line
     6 0000044F E8EDFB              <1>     call print
     7 00000452 C3                  <1>     ret
     8                              <1> 
     9                              <1> echo_function:
    10 00000453 E8FAFB              <1>     call new_line
    11 00000456 B02D                <1>     mov al, '-'
    12 00000458 E8F0FB              <1>     call print_char
    13 0000045B BE[5200]            <1>     mov si, value
    14 0000045E E8DEFB              <1>     call print
    15 00000461 C3                  <1>     ret
    16                              <1> 
    17                              <1> read_function:
    18 00000462 E814FD              <1>     call load_file_table
    19 00000465 BE[5200]            <1>     mov si, value             ; The filename the user typed
    20 00000468 E87AFD              <1>     call find_file
    21 0000046B 83F800              <1>     cmp ax, 0                 ; Did we find it?
    22 0000046E 0F8426FE            <1>     je error             ; If AL=0, not found
    23 00000472 89C3                <1>     mov bx, ax
    24                              <1> 
    25                              <1>     ; print message stuff
    26 00000474 E8D9FB              <1>     call new_line
    27 00000477 BE[0C07]            <1>     mov si, read_str1
    28 0000047A E8C2FB              <1>     call print
    29 0000047D BE[5200]            <1>     mov si, value
    30 00000480 E8BCFB              <1>     call print
    31 00000483 BE[1607]            <1>     mov si, read_str2
    32 00000486 E8B6FB              <1>     call print
    33 00000489 BE[0A00]            <1>     mov si, num_buffer
    34 0000048C E821FC              <1>     call num_to_str
    35 0000048F E8ADFB              <1>     call print
    36 00000492 B03A                <1>     mov al, ':'
    37 00000494 E8B4FB              <1>     call print_char
    38                              <1> 
    39 00000497 E82FFD              <1>     call read_sector
    40 0000049A BE[5200]            <1>     mov si, value
    41 0000049D E8A8FD              <1>     call check_extension    ; check if its a .bin file
    42 000004A0 83F801              <1>     cmp ax, 1
    43 000004A3 740A                <1>     je .read_bin
    44                              <1> 
    45 000004A5 BE0020              <1>     mov si, txt_buffer
    46 000004A8 E8A5FB              <1>     call new_line
    47 000004AB E891FB              <1>     call print
    48 000004AE C3                  <1>     ret
    49                              <1> 
    50                              <1>     .read_bin:
    51 000004AF E89EFB              <1>         call new_line
    52 000004B2 BE0020              <1>         mov si, txt_buffer
    53 000004B5 B90002              <1>         mov cx, 512
    54                              <1>         .dump_loop:
    55 000004B8 8A1C                <1>             mov bl, [si]         ; Get the raw byte
    56 000004BA 56                  <1>             push si              ; Save position in txt_buffer
    57 000004BB 51                  <1>             push cx
    58                              <1>             
    59 000004BC BE[0A00]            <1>             mov si, num_buffer   ; Point at scratch space
    60 000004BF E854FC              <1>             call byte_to_hex     ; Convert to 2-char hex string
    61 000004C2 E87AFB              <1>             call print           ; Print it (e.g., "7F" or "00")
    62                              <1>             
    63 000004C5 59                  <1>             pop cx
    64 000004C6 5E                  <1>             pop si               ; Restore position in txt_buffer
    65                              <1>             
    66 000004C7 B020                <1>             mov al, ' '          ; Print a space between bytes
    67 000004C9 E87FFB              <1>             call print_char
    68                              <1>             
    69 000004CC 46                  <1>             inc si
    70 000004CD E2E9                <1>             loop .dump_loop
    71 000004CF C3                  <1>             ret
    72                              <1> 
    73                              <1> write_function:
    74 000004D0 E8A6FC              <1>     call load_file_table
    75                              <1> 
    76 000004D3 B80C00              <1>     mov ax, FILE_ENTRY_SIZE - 4
    77 000004D6 E846FD              <1>     call check_value
    78 000004D9 3C00                <1>     cmp al, 0                 ; check_value returns 0 = fail, 1 = ok
    79 000004DB 7458                <1>     je .done
    80                              <1> 
    81                              <1>     ; --- Check filename doesn't already exist ---
    82 000004DD BE[5200]            <1>     mov si, value
    83 000004E0 E802FD              <1>     call find_file
    84 000004E3 83F800              <1>     cmp ax, 0
    85 000004E6 751C                <1>     jne .skip_entry              ; if a sector was returned file already exists
    86                              <1> 
    87 000004E8 E81DFD              <1>     call find_free_sector       ; AL = sector number, BX = entry address
    88 000004EB 83F800              <1>     cmp ax, 0
    89 000004EE 0F84A6FD            <1>     je error                    ; bail here, so we never write to sector 0
    90                              <1>     
    91                              <1>     ; write new entry into the buffer 
    92 000004F2 50                  <1>     push ax
    93 000004F3 BE[5200]            <1>     mov si, value
    94 000004F6 89DF                <1>     mov di, bx
    95 000004F8 B90D00              <1>     mov cx, FILE_ENTRY_SIZE - 3
    96 000004FB F3A4                <1>     rep movsb
    97 000004FD 58                  <1>     pop ax
    98 000004FE 89470D              <1>     mov [bx + FILE_ENTRY_SIZE - 3], ax
    99 00000501 E889FC              <1>     call write_file_table
   100                              <1> 
   101                              <1>     .skip_entry:  ; entry already created
   102                              <1> 
   103 00000504 50                  <1>     push ax
   104 00000505 A3[1200]            <1>     mov word [write_sector_buffer], ax
   105 00000508 BF[2200]            <1>     mov di, write_file_buffer ; destination
   106 0000050B BE[5200]            <1>     mov si, value      ; source
   107 0000050E E870FD              <1>     call mov_index_data
   108 00000511 58                  <1>     pop ax
   109                              <1> 
   110 00000512 50                  <1>     push ax
   111 00000513 E83AFB              <1>     call new_line
   112 00000516 BE[2207]            <1>     mov si, write_str
   113 00000519 E823FB              <1>     call print
   114 0000051C BE[5200]            <1>     mov si, value
   115 0000051F E81DFB              <1>     call print
   116 00000522 BE[1607]            <1>     mov si, read_str2
   117 00000525 E817FB              <1>     call print
   118 00000528 58                  <1>     pop ax
   119 00000529 89C3                <1>     mov bx, ax
   120 0000052B BE[0A00]            <1>     mov si, num_buffer
   121 0000052E E87FFB              <1>     call num_to_str
   122 00000531 E80BFB              <1>     call print
   123 00000534 C3                  <1>     ret
   124                              <1>     .done:
   125 00000535 C3                  <1>         ret
   126                              <1> 
   127                              <1> write_data_function:
   128 00000536 A1[1200]            <1>     mov ax, [write_sector_buffer]
   129 00000539 89C3                <1>     mov bx, ax
   130                              <1> 
   131 0000053B E812FB              <1>     call new_line
   132 0000053E BE[2D07]            <1>     mov si, write_data_str
   133 00000541 E8FBFA              <1>     call print
   134 00000544 BE[2200]            <1>     mov si, write_file_buffer
   135 00000547 E8F5FA              <1>     call print
   136 0000054A BE[1607]            <1>     mov si, read_str2
   137 0000054D E8EFFA              <1>     call print
   138                              <1> 
   139 00000550 BE[0A00]            <1>     mov si, num_buffer
   140 00000553 E85AFB              <1>     call num_to_str
   141 00000556 E8E6FA              <1>     call print
   142                              <1> 
   143 00000559 BE[2200]            <1>     mov si, write_file_buffer
   144 0000055C E8E9FC              <1>     call check_extension    ; check if its a .bin file
   145 0000055F 83F801              <1>     cmp ax, 1
   146 00000562 740D                <1>     je .write_data_bin
   147                              <1> 
   148 00000564 BF0020              <1>     mov di, txt_buffer ; destination
   149 00000567 BE[5200]            <1>     mov si, value      ; source
   150 0000056A E814FD              <1>     call mov_index_data
   151 0000056D E833FC              <1>     call write_sector
   152 00000570 C3                  <1>     ret
   153                              <1> 
   154                              <1>     .write_data_bin:
   155 00000571 BE[5200]            <1>         mov si, value
   156 00000574 BF0020              <1>         mov di, txt_buffer
   157                              <1> 
   158                              <1>         .loop:
   159 00000577 E8C7FB              <1>             call hex_to_byte
   160 0000057A 881D                <1>             mov [di], bl
   161                              <1> 
   162 0000057C 83C603              <1>             add si, 3
   163 0000057F 47                  <1>             inc di
   164 00000580 803C00              <1>             cmp byte [si], 0
   165 00000583 75F2                <1>             jne .loop
   166 00000585 8B1E[1200]          <1>         mov bx, [write_sector_buffer]
   167 00000589 E817FC              <1>         call write_sector
   168 0000058C C3                  <1>         ret
   169                              <1> 
   170                              <1> delete_function:
   171 0000058D E8C0FA              <1>     call new_line
   172 00000590 E8E6FB              <1>     call load_file_table     ; init
   173 00000593 BE[5200]            <1>     mov si, value
   174 00000596 E84CFC              <1>     call find_file
   175 00000599 83F800              <1>     cmp ax, 0    ; check if found
   176 0000059C 0F84F8FC            <1>     je error
   177                              <1> 
   178 000005A0 53                  <1>     push bx
   179 000005A1 50                  <1>     push ax
   180 000005A2 BE[3A07]            <1>     mov si, delete_str
   181 000005A5 E897FA              <1>     call print
   182 000005A8 BE[5200]            <1>     mov si, value
   183 000005AB E891FA              <1>     call print
   184 000005AE BE[1607]            <1>     mov si, read_str2
   185 000005B1 E88BFA              <1>     call print
   186 000005B4 58                  <1>     pop ax
   187 000005B5 89C3                <1>     mov bx, ax
   188 000005B7 BE[0A00]            <1>     mov si, num_buffer 
   189 000005BA E8F3FA              <1>     call num_to_str
   190 000005BD E87FFA              <1>     call print
   191 000005C0 5B                  <1>     pop bx
   192                              <1> 
   193 000005C1 89DF                <1>     mov di, bx               ; clear file entry name
   194 000005C3 B90D00              <1>     mov cx, 13
   195 000005C6 30C0                <1>     xor al, al
   196 000005C8 F3AA                <1>     rep stosb
   197 000005CA E8C0FB              <1>     call write_file_table
   198                              <1> 
   199 000005CD C3                  <1>     ret
   200                              <1> 
   201                              <1> ls_function:
   202 000005CE E8A9FA              <1>     call clear_screen
   203 000005D1 E8A5FB              <1>     call load_file_table
   204 000005D4 BB[9206]            <1>     mov bx, file_table_buffer
   205 000005D7 B94000              <1>     mov cx, 64                  ; scan all 64 entries
   206 000005DA 31D2                <1>     xor dx, dx
   207                              <1>     .next_entry:
   208 000005DC 803F00              <1>         cmp byte [bx], 0            ; empty entry?
   209 000005DF 742C                <1>         je .skip                    ; skip it (don't print blank entries)
   210                              <1> 
   211 000005E1 51                  <1>         push cx
   212 000005E2 53                  <1>         push bx
   213 000005E3 89DE                <1>         mov si, bx
   214                              <1> 
   215 000005E5 B402                <1>         mov ah, 0x02        ; BIOS function: Set cursor position
   216 000005E7 B700                <1>         mov bh, 0x00        ; Page number (0 is usually the standard text page)
   217 000005E9 88F6                <1>         mov dh, dh           ; Row number (0 is the top row)
   218 000005EB 88D2                <1>         mov dl, dl          ; Column number (0 is the leftmost column)
   219 000005ED CD10                <1>         int 0x10            ; Call BIOS video service
   220                              <1> 
   221 000005EF E84DFA              <1>         call print
   222 000005F2 5B                  <1>         pop bx
   223 000005F3 53                  <1>         push bx
   224 000005F4 52                  <1>         push dx
   225 000005F5 8B5F0D              <1>         mov word bx, [bx + FILE_ENTRY_SIZE - 3]
   226 000005F8 E8B5FA              <1>         call num_to_str
   227 000005FB B020                <1>         mov al, ' '
   228 000005FD E84BFA              <1>         call print_char
   229 00000600 E83CFA              <1>         call print
   230 00000603 5A                  <1>         pop dx
   231 00000604 5B                  <1>         pop bx
   232                              <1> 
   233 00000605 FEC6                <1>         inc dh
   234 00000607 80FE0D              <1>         cmp dh, 13
   235 0000060A 7422                <1>         je .next_column
   236                              <1>         .done_next_column:
   237 0000060C 59                  <1>         pop cx
   238                              <1>     .skip:
   239 0000060D 83C310              <1>         add bx, FILE_ENTRY_SIZE
   240 00000610 E2CA                <1>         loop .next_entry
   241                              <1>         
   242 00000612 80FA00              <1>         cmp dl, 0
   243 00000615 740B                <1>         je .end
   244 00000617 B402                <1>         mov ah, 0x02        ; Reset cursor position
   245 00000619 B700                <1>         mov bh, 0x00
   246 0000061B B60C                <1>         mov dh, 12
   247 0000061D B200                <1>         mov dl, 0           
   248 0000061F CD10                <1>         int 0x10            
   249 00000621 C3                  <1>         ret
   250                              <1>         .end:
   251 00000622 B402                <1>             mov ah, 0x02        ; Reset cursor position
   252 00000624 B700                <1>             mov bh, 0x00        
   253 00000626 80EE01              <1>             sub dh, 1          
   254 00000629 B200                <1>             mov dl, 0           
   255 0000062B CD10                <1>             int 0x10            
   256 0000062D C3                  <1>             ret
   257                              <1>     .next_column:
   258 0000062E 30F6                <1>         xor dh, dh
   259 00000630 80C212              <1>         add dl, 18
   260 00000633 EBD7                <1>         jmp .done_next_column
   261                              <1>         
   262                              <1> 
   263                              <1> 
   264                              <1> sl_function:
   265 00000635 E818FA              <1>     call new_line
   266 00000638 B336                <1>     mov bl, 54 ; right
   267                              <1> 
   268                              <1>     .loop:
   269 0000063A BE[2E09]            <1>         mov si, sl_line1
   270 0000063D E82900              <1>         call .print_train
   271 00000640 BE[3A09]            <1>         mov si, sl_line2
   272 00000643 E82300              <1>         call .print_train
   273 00000646 BE[4B09]            <1>         mov si, sl_line3
   274 00000649 E81D00              <1>         call .print_train
   275 0000064C BE[6609]            <1>         mov si, sl_line4
   276 0000064F E81700              <1>         call .print_train
   277 00000652 BE[8109]            <1>         mov si, sl_line5
   278 00000655 E81100              <1>         call .print_train
   279                              <1> 
   280 00000658 B86400              <1>         mov ax, 100
   281 0000065B E82AFC              <1>         call delay
   282 0000065E E819FA              <1>         call clear_screen
   283                              <1> 
   284 00000661 FECB                <1>         dec bl
   285 00000663 80FB00              <1>         cmp bl, 0
   286 00000666 7FD2                <1>         jg .loop
   287 00000668 C3                  <1>     ret
   288                              <1> 
   289                              <1>     .print_train:
   290 00000669 56                  <1>         push si
   291 0000066A B403                <1>         mov ah, 0x03
   292 0000066C B700                <1>         mov bh, 0x00
   293 0000066E CD10                <1>         int 0x10             ; get current row into dh
   294 00000670 B402                <1>         mov ah, 0x02
   295 00000672 B700                <1>         mov bh, 0x00
   296 00000674 88DA                <1>         mov dl, bl           ; column X
   297 00000676 CD10                <1>         int 0x10
   298 00000678 5E                  <1>         pop si
   299 00000679 E8C3F9              <1>         call print
   300 0000067C E8D1F9              <1>         call new_line
   301 0000067F C3                  <1>         ret
   302                              <1> 
   303                              <1> clear_function:
   304 00000680 E8F7F9              <1>     call clear_screen
   305 00000683 C3                  <1>     ret
   306                              <1> 
   307                              <1> run_function:
   308 00000684 E8F3F9              <1>     call clear_screen
   309 00000687 E8EFFA              <1>     call load_file_table
   310 0000068A BE[5200]            <1>     mov si, value
   311 0000068D E855FB              <1>     call find_file
   312 00000690 83F800              <1>     cmp ax, 0
   313 00000693 0F8401FC            <1>     je error
   314                              <1> 
   315 00000697 50                  <1>     push ax ; preserve sector number
   316 00000698 BE[5200]            <1>     mov si, value
   317 0000069B E8AAFB              <1>     call check_extension
   318 0000069E 83F800              <1>     cmp ax, 0
   319 000006A1 0F84F3FB            <1>     je error
   320 000006A5 58                  <1>     pop ax
   321                              <1> 
   322 000006A6 89C3                <1>     mov bx, ax
   323 000006A8 E81EFB              <1>     call read_sector
   324 000006AB E8(0020)            <1>     call txt_buffer     ; run the program loaded into memory
   325                              <1>     
   326 000006AE E89FF9              <1>     call new_line
   327 000006B1 BE[5C07]            <1>     mov si, done_msg
   328 000006B4 E888F9              <1>     call print
   329 000006B7 C3                  <1>     ret
   330                              <1> 
   331                              <1> help_function:
   332 000006B8 E895F9              <1>     call new_line
   333 000006BB BE[6207]            <1>     mov si, help_msg
   334 000006BE E87EF9              <1>     call print
   335 000006C1 C3                  <1>     ret
    42                                  %include "data.asm"   
     1                              <1> ; --- Commands ---
     2                              <1> 
     3 000006C2 6C65766900          <1> levi_command: db "levi", 0
     4 000006C7 6563686F00          <1> echo_command: db "echo", 0
     5 000006CC 7265616400          <1> read_command: db "read", 0
     6 000006D1 777269746500        <1> write_command: db "write", 0
     7 000006D7 777269746564617461- <1> write_data_command: db "writedata", 0
     7 000006E0 00                  <1>
     8 000006E1 64656C65746500      <1> delete_command: db "delete", 0
     9 000006E8 6C7300              <1> ls_command: db "ls", 0
    10 000006EB 736C00              <1> sl_command: db "sl", 0
    11 000006EE 636C65617200        <1> clear_command: db "clear", 0
    12 000006F4 72756E00            <1> run_command: db "run", 0
    13 000006F8 68656C7000          <1> help_command: db "help", 0
    14                              <1> 
    15                              <1> ; --- Command Messages ---
    16                              <1> 
    17 000006FD 2D4C65766920736179- <1> levi_str: db "-Levi says hi!", 0
    17 00000706 732068692100        <1>
    18 0000070C 2D52656164696E6720- <1> read_str1: db "-Reading ", 0
    18 00000715 00                  <1>
    19 00000716 20617420736563746F- <1> read_str2: db " at sector ", 0
    19 0000071F 722000              <1>
    20 00000722 2D53656C6563746564- <1> write_str: db "-Selected ", 0
    20 0000072B 2000                <1>
    21 0000072D 2D57726974696E6720- <1> write_data_str: db "-Writing to ", 0
    21 00000736 746F2000            <1>
    22 0000073A 2D44656C6574696E67- <1> delete_str: db "-Deleting ", 0
    22 00000743 2000                <1>
    23                              <1> 
    24                              <1> ; --- Other ---
    25 00000745 80                  <1> drive: db 0x80
    26 00000746 2E62696E00          <1> bin_extension: db ".bin", 0
    27                              <1> 
    28                              <1> ; --- Messages ---
    29 0000074B 4C6576694F53        <1> msg: db "LeviOS"
    30 00000751 200D0A00            <1>     db " ", 0x0D,0x0A, 0
    31 00000755 4572726F722100      <1> err_msg:     db "Error!", 0
    32 0000075C 446F6E652E00        <1> done_msg: db "Done.", 0
    33                              <1> help_msg:
    34 00000762 6C657669202D207072- <1>     db "levi - prints the levi message", 0x0D,0x0A
    34 0000076B 696E74732074686520- <1>
    34 00000774 6C657669206D657373- <1>
    34 0000077D 6167650D0A          <1>
    35 00000782 6563686F203C6D7367- <1>     db "echo <msg> - echoes back what you wrote", 0x0D,0x0A
    35 0000078B 3E202D206563686F65- <1>
    35 00000794 73206261636B207768- <1>
    35 0000079D 617420796F75207772- <1>
    35 000007A6 6F74650D0A          <1>
    36 000007AB 6C73202D206C697374- <1>     db "ls - lists all files and programs", 0x0D,0x0A
    36 000007B4 7320616C6C2066696C- <1>
    36 000007BD 657320616E64207072- <1>
    36 000007C6 6F6772616D730D0A    <1>
    37 000007CE 72656164203C66696C- <1>     db "read <filename> - reads a file", 0x0D,0x0A
    37 000007D7 656E616D653E202D20- <1>
    37 000007E0 726561647320612066- <1>
    37 000007E9 696C650D0A          <1>
    38 000007EE 72756E203C66696C65- <1>     db "run <filename> - runs .bin programs", 0x0D,0x0A
    38 000007F7 6E616D653E202D2072- <1>
    38 00000800 756E73202E62696E20- <1>
    38 00000809 70726F6772616D730D- <1>
    38 00000812 0A                  <1>
    39 00000813 7772697465203C6669- <1>     db "write <filename> - creates/selects a file to then write data to", 0x0D,0x0A
    39 0000081C 6C656E616D653E202D- <1>
    39 00000825 20637265617465732F- <1>
    39 0000082E 73656C656374732061- <1>
    39 00000837 2066696C6520746F20- <1>
    39 00000840 7468656E2077726974- <1>
    39 00000849 65206461746120746F- <1>
    39 00000852 0D0A                <1>
    40 00000854 777269746564617461- <1>     db "writedata <file contents> - writes to the file selected with write, for .bin files use lowercase hex with spaces between", 0x0D,0x0A
    40 0000085D 203C66696C6520636F- <1>
    40 00000866 6E74656E74733E202D- <1>
    40 0000086F 207772697465732074- <1>
    40 00000878 6F207468652066696C- <1>
    40 00000881 652073656C65637465- <1>
    40 0000088A 642077697468207772- <1>
    40 00000893 6974652C20666F7220- <1>
    40 0000089C 2E62696E2066696C65- <1>
    40 000008A5 7320757365206C6F77- <1>
    40 000008AE 657263617365206865- <1>
    40 000008B7 782077697468207370- <1>
    40 000008C0 616365732062657477- <1>
    40 000008C9 65656E0D0A          <1>
    41 000008CE 64656C657465203C66- <1>     db "delete <filename> - deletes a file", 0x0D,0x0A
    41 000008D7 696C656E616D653E20- <1>
    41 000008E0 2D2064656C65746573- <1>
    41 000008E9 20612066696C650D0A  <1>
    42 000008F2 636C656172202D2063- <1>     db "clear - clears the screen", 0x0D,0x0A
    42 000008FB 6C6561727320746865- <1>
    42 00000904 2073637265656E0D0A  <1>
    43 0000090D 736C202D2073746561- <1>     db "sl - steam locomotive", 0x0D,0x0A
    43 00000916 6D206C6F636F6D6F74- <1>
    43 0000091F 6976650D0A          <1>
    44 00000924 00                  <1>     db 0
    45                              <1>     
    46 00000925 6C6576692E74787400  <1> init_file_name: db "levi.txt", 0
    47 0000092E 20202020206F6F4F4F- <1>     sl_line1: db "     ooOOOO", 0
    47 00000937 4F4F00              <1>
    48 0000093A 202020206F6F202020- <1>     sl_line2: db "    oo     _____", 0
    48 00000943 20205F5F5F5F5F00    <1>
    49 0000094B 2020205F495F5F6E5F- <1>     sl_line3: db "   _I__n_n__||_|| ________", 0
    49 00000954 6E5F5F7C7C5F7C7C20- <1>
    49 0000095D 5F5F5F5F5F5F5F5F00  <1>
    50 00000966 203E285F5F5F5F5F5F- <1>     sl_line4: db " >(_________|_7_|-|______|", 0
    50 0000096F 5F5F5F7C5F375F7C2D- <1>
    50 00000978 7C5F5F5F5F5F5F7C00  <1>
    51 00000981 202020202020282928- <1>     sl_line5: db "      ()() ()() o    oo  oo", 0
    51 0000098A 292028292829206F20- <1>
    51 00000993 2020206F6F20206F6F- <1>
    51 0000099C 00                  <1>
    52                              <1> 
    53                              <1> 
    54                              <1> section .bss
    55                              <1> ; --- State Variables ---
    56 00000000 ????                <1> active_ptr:         resw 1
    57 00000002 ????????            <1> current_offset:     resw 2  ; (or resw 1, since a word is 2 bytes)
    58 00000006 ????                <1> command_offset:     resw 1
    59 00000008 ??                  <1> space_pressed_flag: resb 1
    60 00000009 ??                  <1> ignore_space_flag:  resb 1
    61                              <1> 
    62                              <1> ; --- Buffers (0 bytes in your .img file!) ---
    63 0000000A ????????????????    <1> num_buffer:         resb 8
    64 00000012 <res 10h>           <1> write_sector_buffer: resb 16 
    65 00000022 <res 10h>           <1> write_file_buffer:  resb FILE_ENTRY_SIZE
    66 00000032 <res 20h>           <1> command:            resb 32
    67 00000052 <res 640h>          <1> value:              resb 1600
    68 00000692 <res 400h>          <1> file_table_buffer:  resb 1024
    69                              <1> 
    70                              <1> absolute 0x2000
    71 00002000 <res 200h>          <1> txt_buffer: resb 512
    72                              <1> ; end
